ÈÄÄÂá∫Áä∂ÊÄÅÊµãËØï: pass
---- ÈÄÄÂá∫Áä∂ÊÄÅÊµãËØïÊó•Âøó ----
+ CC src/monitor/sdb/expr.c
+ LD /home/tanghongwei/ysyx-workbench/nemu/build/riscv32-nemu-interpreter
make[1]: Entering directory '/home/tanghongwei/ysyx-workbench'
make[1]: Leaving directory '/home/tanghongwei/ysyx-workbench'
make[1]: Entering directory '/home/tanghongwei/ysyx-workbench'
make[1]: Leaving directory '/home/tanghongwei/ysyx-workbench'
gdb -s /home/tanghongwei/ysyx-workbench/nemu/build/riscv32-nemu-interpreter --args /home/tanghongwei/ysyx-workbench/nemu/build/riscv32-nemu-interpreter --log=/home/tanghongwei/ysyx-workbench/nemu/build/nemu-log.txt  
GNU gdb (Ubuntu 12.1-0ubuntu1~22.04.2) 12.1
Copyright (C) 2022 Free Software Foundation, Inc.
License GPLv3+: GNU GPL version 3 or later <http://gnu.org/licenses/gpl.html>
This is free software: you are free to change and redistribute it.
There is NO WARRANTY, to the extent permitted by law.
Type "show copying" and "show warranty" for details.
This GDB was configured as "x86_64-linux-gnu".
Type "show configuration" for configuration details.
For bug reporting instructions, please see:
<https://www.gnu.org/software/gdb/bugs/>.
Find the GDB manual and other documentation resources online at:
    <http://www.gnu.org/software/gdb/documentation/>.

For help, type "help".
Type "apropos word" to search for commands related to "word"...
Reading symbols from /home/tanghongwei/ysyx-workbench/nemu/build/riscv32-nemu-interpreter...
(gdb) (gdb) Breakpoint 1 at 0x50d0: file src/utils/state.c, line 21.
(gdb) Starting program: /home/tanghongwei/ysyx-workbench/nemu/build/riscv32-nemu-interpreter --log=/home/tanghongwei/ysyx-workbench/nemu/build/nemu-log.txt
[Thread debugging using libthread_db enabled]
Using host libthread_db library "/lib/x86_64-linux-gnu/libthread_db.so.1".
[1;34m[src/utils/log.c:30 init_log] Log is written to /home/tanghongwei/ysyx-workbench/nemu/build/nemu-log.txt[0m
[1;34m[src/memory/paddr.c:60 init_mem] physical memory area [0x80000000, 0x87ffffff][0m
[1;34m[src/monitor/monitor.c:54 load_img] No image is given. Use the default build-in image.[0m
[1;34m[src/monitor/monitor.c:30 welcome] Trace: [1;32mON[0m[0m
[1;34m[src/monitor/monitor.c:31 welcome] If trace is enabled, a log file will be generated to record the trace. This may lead to a large log file. If it is not necessary, you can disable it in menuconfig[0m
[1;34m[src/monitor/monitor.c:34 welcome] Build time: 14:53:20, Apr  5 2025[0m
Welcome to [1;33m[1;41mriscv32[0m-NEMU!
For help, type "help"
[1;34m[src/monitor/monitor.c:37 welcome] Exercise: Please remove me in the source code and compile NEMU again.[0m
(nemu) q

Breakpoint 1, is_exit_status_bad () at src/utils/state.c:21
21	int is_exit_status_bad() {
(gdb)  > > > >ÈÄÄÂá∫Áä∂ÊÄÅÊµãËØï: pass
(gdb) 
quit
A debugging session is active.

	Inferior 1 [process 44354] will be killed.

Quit anyway? (y or n) [answered Y; input not from terminal]

Êåá‰ª§È™åËØÅÊµãËØï: pass
---- Êåá‰ª§È™åËØÅÊµãËØïÊó•Âøó ----
make[1]: Entering directory '/home/tanghongwei/ysyx-workbench'
make[1]: Leaving directory '/home/tanghongwei/ysyx-workbench'
make[1]: Entering directory '/home/tanghongwei/ysyx-workbench'
make[1]: Leaving directory '/home/tanghongwei/ysyx-workbench'
gdb -s /home/tanghongwei/ysyx-workbench/nemu/build/riscv32-nemu-interpreter --args /home/tanghongwei/ysyx-workbench/nemu/build/riscv32-nemu-interpreter --log=/home/tanghongwei/ysyx-workbench/nemu/build/nemu-log.txt  
GNU gdb (Ubuntu 12.1-0ubuntu1~22.04.2) 12.1
Copyright (C) 2022 Free Software Foundation, Inc.
License GPLv3+: GNU GPL version 3 or later <http://gnu.org/licenses/gpl.html>
This is free software: you are free to change and redistribute it.
There is NO WARRANTY, to the extent permitted by law.
Type "show copying" and "show warranty" for details.
This GDB was configured as "x86_64-linux-gnu".
Type "show configuration" for configuration details.
For bug reporting instructions, please see:
<https://www.gnu.org/software/gdb/bugs/>.
Find the GDB manual and other documentation resources online at:
    <http://www.gnu.org/software/gdb/documentation/>.

For help, type "help".
Type "apropos word" to search for commands related to "word"...
Reading symbols from /home/tanghongwei/ysyx-workbench/nemu/build/riscv32-nemu-interpreter...
(gdb) Starting program: /home/tanghongwei/ysyx-workbench/nemu/build/riscv32-nemu-interpreter --log=/home/tanghongwei/ysyx-workbench/nemu/build/nemu-log.txt
[Thread debugging using libthread_db enabled]
Using host libthread_db library "/lib/x86_64-linux-gnu/libthread_db.so.1".
[1;34m[src/utils/log.c:30 init_log] Log is written to /home/tanghongwei/ysyx-workbench/nemu/build/nemu-log.txt[0m
[1;34m[src/memory/paddr.c:60 init_mem] physical memory area [0x80000000, 0x87ffffff][0m
[1;34m[src/monitor/monitor.c:54 load_img] No image is given. Use the default build-in image.[0m
[1;34m[src/monitor/monitor.c:30 welcome] Trace: [1;32mON[0m[0m
[1;34m[src/monitor/monitor.c:31 welcome] If trace is enabled, a log file will be generated to record the trace. This may lead to a large log file. If it is not necessary, you can disable it in menuconfig[0m
[1;34m[src/monitor/monitor.c:34 welcome] Build time: 14:53:20, Apr  5 2025[0m
Welcome to [1;33m[1;41mriscv32[0m-NEMU!
For help, type "help"
[1;34m[src/monitor/monitor.c:37 welcome] Exercise: Please remove me in the source code and compile NEMU again.[0m
(nemu) si
0x80000000:	l	0x80000000
0x80000000: 00 00 02 97 auipc	t0, 0
(nemu) si 3
0x80000004:	s	0x80000010
0x80000004: 00 02 88 23 sb	zero, 0x10(t0)
0x80000008:	l	0x80000010
0x80000008: 01 02 c5 03 lbu	a0, 0x10(t0)
0x8000000c:	l	0x8000000c
0x8000000c: 00 10 00 73 ebreak
[1;34m[src/cpu/cpu-exec.c:147 cpu_exec] nemu: [1;32mHIT GOOD TRAP[0m at pc = 0x8000000c[0m
[1;34m[src/cpu/cpu-exec.c:115 statistic] host time spent = 109 us[0m
[1;34m[src/cpu/cpu-exec.c:116 statistic] total guest instructions = 4[0m
[1;34m[src/cpu/cpu-exec.c:117 statistic] simulation frequency = 36,697 inst/s[0m
(nemu) q
[Inferior 1 (process 44462) exited normally]
(gdb) (gdb) 
quit

ÂØÑÂ≠òÂô®ÊµãËØï: pass 
---- ÂØÑÂ≠òÂô®ÊµãËØïÊó•Âøó ----
make[1]: Entering directory '/home/tanghongwei/ysyx-workbench'
make[1]: Leaving directory '/home/tanghongwei/ysyx-workbench'
make[1]: Entering directory '/home/tanghongwei/ysyx-workbench'
make[1]: Leaving directory '/home/tanghongwei/ysyx-workbench'
gdb -s /home/tanghongwei/ysyx-workbench/nemu/build/riscv32-nemu-interpreter --args /home/tanghongwei/ysyx-workbench/nemu/build/riscv32-nemu-interpreter --log=/home/tanghongwei/ysyx-workbench/nemu/build/nemu-log.txt  
GNU gdb (Ubuntu 12.1-0ubuntu1~22.04.2) 12.1
Copyright (C) 2022 Free Software Foundation, Inc.
License GPLv3+: GNU GPL version 3 or later <http://gnu.org/licenses/gpl.html>
This is free software: you are free to change and redistribute it.
There is NO WARRANTY, to the extent permitted by law.
Type "show copying" and "show warranty" for details.
This GDB was configured as "x86_64-linux-gnu".
Type "show configuration" for configuration details.
For bug reporting instructions, please see:
<https://www.gnu.org/software/gdb/bugs/>.
Find the GDB manual and other documentation resources online at:
    <http://www.gnu.org/software/gdb/documentation/>.

For help, type "help".
Type "apropos word" to search for commands related to "word"...
Reading symbols from /home/tanghongwei/ysyx-workbench/nemu/build/riscv32-nemu-interpreter...
(gdb) Starting program: /home/tanghongwei/ysyx-workbench/nemu/build/riscv32-nemu-interpreter --log=/home/tanghongwei/ysyx-workbench/nemu/build/nemu-log.txt
[Thread debugging using libthread_db enabled]
Using host libthread_db library "/lib/x86_64-linux-gnu/libthread_db.so.1".
[1;34m[src/utils/log.c:30 init_log] Log is written to /home/tanghongwei/ysyx-workbench/nemu/build/nemu-log.txt[0m
[1;34m[src/memory/paddr.c:60 init_mem] physical memory area [0x80000000, 0x87ffffff][0m
[1;34m[src/monitor/monitor.c:54 load_img] No image is given. Use the default build-in image.[0m
[1;34m[src/monitor/monitor.c:30 welcome] Trace: [1;32mON[0m[0m
[1;34m[src/monitor/monitor.c:31 welcome] If trace is enabled, a log file will be generated to record the trace. This may lead to a large log file. If it is not necessary, you can disable it in menuconfig[0m
[1;34m[src/monitor/monitor.c:34 welcome] Build time: 14:53:20, Apr  5 2025[0m
Welcome to [1;33m[1;41mriscv32[0m-NEMU!
For help, type "help"
[1;34m[src/monitor/monitor.c:37 welcome] Exercise: Please remove me in the source code and compile NEMU again.[0m
(nemu) c
0x80000000:	l	0x80000000
0x80000004:	s	0x80000010
0x80000008:	l	0x80000010
0x8000000c:	l	0x8000000c
[1;34m[src/cpu/cpu-exec.c:147 cpu_exec] nemu: [1;32mHIT GOOD TRAP[0m at pc = 0x8000000c[0m
[1;34m[src/cpu/cpu-exec.c:115 statistic] host time spent = 125 us[0m
[1;34m[src/cpu/cpu-exec.c:116 statistic] total guest instructions = 4[0m
[1;34m[src/cpu/cpu-exec.c:117 statistic] simulation frequency = 32,000 inst/s[0m
(nemu) info r
pc		0x80000010	-2147483632
$0		0x00000000	0
ra		0x00000000	0
sp		0x00000000	0
gp		0x00000000	0
tp		0x00000000	0
t0		0x80000000	-2147483648
t1		0x00000000	0
t2		0x00000000	0
s0		0x00000000	0
s1		0x00000000	0
a0		0x00000000	0
a1		0x00000000	0
a2		0x00000000	0
a3		0x00000000	0
a4		0x00000000	0
a5		0x00000000	0
a6		0x00000000	0
a7		0x00000000	0
s2		0x00000000	0
s3		0x00000000	0
s4		0x00000000	0
s5		0x00000000	0
s6		0x00000000	0
s7		0x00000000	0
s8		0x00000000	0
s9		0x00000000	0
s10		0x00000000	0
s11		0x00000000	0
t3		0x00000000	0
t4		0x00000000	0
t5		0x00000000	0
t6		0x00000000	0
(nemu) q
[Inferior 1 (process 44571) exited normally]
(gdb) 
quit

ÂÜÖÂ≠òÊµãËØï1: fail
---- ÂÜÖÂ≠òÊµãËØï1Êó•Âøó ----
make[1]: Entering directory '/home/tanghongwei/ysyx-workbench'
make[1]: Leaving directory '/home/tanghongwei/ysyx-workbench'
make[1]: Entering directory '/home/tanghongwei/ysyx-workbench'
make[1]: Leaving directory '/home/tanghongwei/ysyx-workbench'
gdb -s /home/tanghongwei/ysyx-workbench/nemu/build/riscv32-nemu-interpreter --args /home/tanghongwei/ysyx-workbench/nemu/build/riscv32-nemu-interpreter --log=/home/tanghongwei/ysyx-workbench/nemu/build/nemu-log.txt  
GNU gdb (Ubuntu 12.1-0ubuntu1~22.04.2) 12.1
Copyright (C) 2022 Free Software Foundation, Inc.
License GPLv3+: GNU GPL version 3 or later <http://gnu.org/licenses/gpl.html>
This is free software: you are free to change and redistribute it.
There is NO WARRANTY, to the extent permitted by law.
Type "show copying" and "show warranty" for details.
This GDB was configured as "x86_64-linux-gnu".
Type "show configuration" for configuration details.
For bug reporting instructions, please see:
<https://www.gnu.org/software/gdb/bugs/>.
Find the GDB manual and other documentation resources online at:
    <http://www.gnu.org/software/gdb/documentation/>.

For help, type "help".
Type "apropos word" to search for commands related to "word"...
Reading symbols from /home/tanghongwei/ysyx-workbench/nemu/build/riscv32-nemu-interpreter...
(gdb) Starting program: /home/tanghongwei/ysyx-workbench/nemu/build/riscv32-nemu-interpreter --log=/home/tanghongwei/ysyx-workbench/nemu/build/nemu-log.txt
[Thread debugging using libthread_db enabled]
Using host libthread_db library "/lib/x86_64-linux-gnu/libthread_db.so.1".
[1;34m[src/utils/log.c:30 init_log] Log is written to /home/tanghongwei/ysyx-workbench/nemu/build/nemu-log.txt[0m
[1;34m[src/memory/paddr.c:60 init_mem] physical memory area [0x80000000, 0x87ffffff][0m
[1;34m[src/monitor/monitor.c:54 load_img] No image is given. Use the default build-in image.[0m
[1;34m[src/monitor/monitor.c:30 welcome] Trace: [1;32mON[0m[0m
[1;34m[src/monitor/monitor.c:31 welcome] If trace is enabled, a log file will be generated to record the trace. This may lead to a large log file. If it is not necessary, you can disable it in menuconfig[0m
[1;34m[src/monitor/monitor.c:34 welcome] Build time: 14:53:20, Apr  5 2025[0m
Welcome to [1;33m[1;41mriscv32[0m-NEMU!
For help, type "help"
[1;34m[src/monitor/monitor.c:37 welcome] Exercise: Please remove me in the source code and compile NEMU again.[0m
(nemu) c
0x80000000:	l	0x80000000
0x80000004:	s	0x80000010
0x80000008:	l	0x80000010
0x8000000c:	l	0x8000000c
[1;34m[src/cpu/cpu-exec.c:147 cpu_exec] nemu: [1;32mHIT GOOD TRAP[0m at pc = 0x8000000c[0m
[1;34m[src/cpu/cpu-exec.c:115 statistic] host time spent = 117 us[0m
[1;34m[src/cpu/cpu-exec.c:116 statistic] total guest instructions = 4[0m
[1;34m[src/cpu/cpu-exec.c:117 statistic] simulation frequency = 34,188 inst/s[0m
(nemu) x 4 0x80000000
0x80000000	0x00 0x00 0x02 0x97 
0x80000004	0x00 0x02 0x88 0x23 
0x80000008	0x01 0x02 0xc5 0x03 
0x8000000c	0x00 0x10 0x00 0x73 
(nemu) q
[Inferior 1 (process 44678) exited normally]
(gdb) 
quit

ÂÜÖÂ≠òÊµãËØï2: fail
---- ÂÜÖÂ≠òÊµãËØï2Êó•Âøó ----
make[1]: Entering directory '/home/tanghongwei/ysyx-workbench'
make[1]: Leaving directory '/home/tanghongwei/ysyx-workbench'
make[1]: Entering directory '/home/tanghongwei/ysyx-workbench'
make[1]: Leaving directory '/home/tanghongwei/ysyx-workbench'
gdb -s /home/tanghongwei/ysyx-workbench/nemu/build/riscv32-nemu-interpreter --args /home/tanghongwei/ysyx-workbench/nemu/build/riscv32-nemu-interpreter --log=/home/tanghongwei/ysyx-workbench/nemu/build/nemu-log.txt  
GNU gdb (Ubuntu 12.1-0ubuntu1~22.04.2) 12.1
Copyright (C) 2022 Free Software Foundation, Inc.
License GPLv3+: GNU GPL version 3 or later <http://gnu.org/licenses/gpl.html>
This is free software: you are free to change and redistribute it.
There is NO WARRANTY, to the extent permitted by law.
Type "show copying" and "show warranty" for details.
This GDB was configured as "x86_64-linux-gnu".
Type "show configuration" for configuration details.
For bug reporting instructions, please see:
<https://www.gnu.org/software/gdb/bugs/>.
Find the GDB manual and other documentation resources online at:
    <http://www.gnu.org/software/gdb/documentation/>.

For help, type "help".
Type "apropos word" to search for commands related to "word"...
Reading symbols from /home/tanghongwei/ysyx-workbench/nemu/build/riscv32-nemu-interpreter...
(gdb) Starting program: /home/tanghongwei/ysyx-workbench/nemu/build/riscv32-nemu-interpreter --log=/home/tanghongwei/ysyx-workbench/nemu/build/nemu-log.txt
[Thread debugging using libthread_db enabled]
Using host libthread_db library "/lib/x86_64-linux-gnu/libthread_db.so.1".
[1;34m[src/utils/log.c:30 init_log] Log is written to /home/tanghongwei/ysyx-workbench/nemu/build/nemu-log.txt[0m
[1;34m[src/memory/paddr.c:60 init_mem] physical memory area [0x80000000, 0x87ffffff][0m
[1;34m[src/monitor/monitor.c:54 load_img] No image is given. Use the default build-in image.[0m
[1;34m[src/monitor/monitor.c:30 welcome] Trace: [1;32mON[0m[0m
[1;34m[src/monitor/monitor.c:31 welcome] If trace is enabled, a log file will be generated to record the trace. This may lead to a large log file. If it is not necessary, you can disable it in menuconfig[0m
[1;34m[src/monitor/monitor.c:34 welcome] Build time: 14:53:20, Apr  5 2025[0m
Welcome to [1;33m[1;41mriscv32[0m-NEMU!
For help, type "help"
[1;34m[src/monitor/monitor.c:37 welcome] Exercise: Please remove me in the source code and compile NEMU again.[0m
(nemu) si 3
0x80000000:	l	0x80000000
0x80000000: 00 00 02 97 auipc	t0, 0
0x80000004:	s	0x80000010
0x80000004: 00 02 88 23 sb	zero, 0x10(t0)
0x80000008:	l	0x80000010
0x80000008: 01 02 c5 03 lbu	a0, 0x10(t0)
(nemu) x 4 $t0+1-1
0x80000000	0x00 0x00 0x02 0x97 
0x80000004	0x00 0x02 0x88 0x23 
0x80000008	0x01 0x02 0xc5 0x03 
0x8000000c	0x00 0x10 0x00 0x73 
(nemu) q
[Inferior 1 (process 44784) exited normally]
(gdb) 
quit

Ë°®ËææÂºèÊµãËØï: Êó†Á¨¶Âè∑ËøêÁÆóÈîôËØØ
---- Ë°®ËææÂºèÊµãËØïÊó•Âøó ----
make[1]: Entering directory '/home/tanghongwei/ysyx-workbench'
make[1]: Leaving directory '/home/tanghongwei/ysyx-workbench'
make[1]: Entering directory '/home/tanghongwei/ysyx-workbench'
make[1]: Leaving directory '/home/tanghongwei/ysyx-workbench'
gdb -s /home/tanghongwei/ysyx-workbench/nemu/build/riscv32-nemu-interpreter --args /home/tanghongwei/ysyx-workbench/nemu/build/riscv32-nemu-interpreter --log=/home/tanghongwei/ysyx-workbench/nemu/build/nemu-log.txt  
GNU gdb (Ubuntu 12.1-0ubuntu1~22.04.2) 12.1
Copyright (C) 2022 Free Software Foundation, Inc.
License GPLv3+: GNU GPL version 3 or later <http://gnu.org/licenses/gpl.html>
This is free software: you are free to change and redistribute it.
There is NO WARRANTY, to the extent permitted by law.
Type "show copying" and "show warranty" for details.
This GDB was configured as "x86_64-linux-gnu".
Type "show configuration" for configuration details.
For bug reporting instructions, please see:
<https://www.gnu.org/software/gdb/bugs/>.
Find the GDB manual and other documentation resources online at:
    <http://www.gnu.org/software/gdb/documentation/>.

For help, type "help".
Type "apropos word" to search for commands related to "word"...
Reading symbols from /home/tanghongwei/ysyx-workbench/nemu/build/riscv32-nemu-interpreter...
(gdb) Starting program: /home/tanghongwei/ysyx-workbench/nemu/build/riscv32-nemu-interpreter --log=/home/tanghongwei/ysyx-workbench/nemu/build/nemu-log.txt
[Thread debugging using libthread_db enabled]
Using host libthread_db library "/lib/x86_64-linux-gnu/libthread_db.so.1".
[1;34m[src/utils/log.c:30 init_log] Log is written to /home/tanghongwei/ysyx-workbench/nemu/build/nemu-log.txt[0m
[1;34m[src/memory/paddr.c:60 init_mem] physical memory area [0x80000000, 0x87ffffff][0m
[1;34m[src/monitor/monitor.c:54 load_img] No image is given. Use the default build-in image.[0m
[1;34m[src/monitor/monitor.c:30 welcome] Trace: [1;32mON[0m[0m
[1;34m[src/monitor/monitor.c:31 welcome] If trace is enabled, a log file will be generated to record the trace. This may lead to a large log file. If it is not necessary, you can disable it in menuconfig[0m
[1;34m[src/monitor/monitor.c:34 welcome] Build time: 14:53:20, Apr  5 2025[0m
Welcome to [1;33m[1;41mriscv32[0m-NEMU!
For help, type "help"
[1;34m[src/monitor/monitor.c:37 welcome] Exercise: Please remove me in the source code and compile NEMU again.[0m
(nemu) p 1-2
-1
(nemu) p  ($pc * 0 != 1 && 1 + *$pc== * 0x80000000 + 1)+114513
Bad expression split
114513
(nemu) q
[Inferior 1 (process 44890) exited normally]
(gdb) 
quit

Ë°®ËææÂºèÊµãËØï2: pass
---- Ë°®ËææÂºèÊµãËØï2Êó•Âøó ----
make[1]: Entering directory '/home/tanghongwei/ysyx-workbench'
make[1]: Leaving directory '/home/tanghongwei/ysyx-workbench'
make[1]: Entering directory '/home/tanghongwei/ysyx-workbench'
make[1]: Leaving directory '/home/tanghongwei/ysyx-workbench'
gdb -s /home/tanghongwei/ysyx-workbench/nemu/build/riscv32-nemu-interpreter --args /home/tanghongwei/ysyx-workbench/nemu/build/riscv32-nemu-interpreter --log=/home/tanghongwei/ysyx-workbench/nemu/build/nemu-log.txt  
GNU gdb (Ubuntu 12.1-0ubuntu1~22.04.2) 12.1
Copyright (C) 2022 Free Software Foundation, Inc.
License GPLv3+: GNU GPL version 3 or later <http://gnu.org/licenses/gpl.html>
This is free software: you are free to change and redistribute it.
There is NO WARRANTY, to the extent permitted by law.
Type "show copying" and "show warranty" for details.
This GDB was configured as "x86_64-linux-gnu".
Type "show configuration" for configuration details.
For bug reporting instructions, please see:
<https://www.gnu.org/software/gdb/bugs/>.
Find the GDB manual and other documentation resources online at:
    <http://www.gnu.org/software/gdb/documentation/>.

For help, type "help".
Type "apropos word" to search for commands related to "word"...
Reading symbols from /home/tanghongwei/ysyx-workbench/nemu/build/riscv32-nemu-interpreter...
(gdb) Starting program: /home/tanghongwei/ysyx-workbench/nemu/build/riscv32-nemu-interpreter --log=/home/tanghongwei/ysyx-workbench/nemu/build/nemu-log.txt
[Thread debugging using libthread_db enabled]
Using host libthread_db library "/lib/x86_64-linux-gnu/libthread_db.so.1".
[1;34m[src/utils/log.c:30 init_log] Log is written to /home/tanghongwei/ysyx-workbench/nemu/build/nemu-log.txt[0m
[1;34m[src/memory/paddr.c:60 init_mem] physical memory area [0x80000000, 0x87ffffff][0m
[1;34m[src/monitor/monitor.c:54 load_img] No image is given. Use the default build-in image.[0m
[1;34m[src/monitor/monitor.c:30 welcome] Trace: [1;32mON[0m[0m
[1;34m[src/monitor/monitor.c:31 welcome] If trace is enabled, a log file will be generated to record the trace. This may lead to a large log file. If it is not necessary, you can disable it in menuconfig[0m
[1;34m[src/monitor/monitor.c:34 welcome] Build time: 14:53:20, Apr  5 2025[0m
Welcome to [1;33m[1;41mriscv32[0m-NEMU!
For help, type "help"
[1;34m[src/monitor/monitor.c:37 welcome] Exercise: Please remove me in the source code and compile NEMU again.[0m
(nemu) ext
pass:1000 all:1000
(nemu) q
[Inferior 1 (process 44996) exited normally]
(gdb) 
quit

ÁõëËßÜÁÇπÊµãËØï1: fail ÁõëËßÜÁÇπÂëΩ‰ª§ÊÆµÈîôËØØ
---- ÁõëËßÜÁÇπÊµãËØï1Êó•Âøó ----
make[1]: Entering directory '/home/tanghongwei/ysyx-workbench'
make[1]: Leaving directory '/home/tanghongwei/ysyx-workbench'
make[1]: Entering directory '/home/tanghongwei/ysyx-workbench'
make[1]: Leaving directory '/home/tanghongwei/ysyx-workbench'
gdb -s /home/tanghongwei/ysyx-workbench/nemu/build/riscv32-nemu-interpreter --args /home/tanghongwei/ysyx-workbench/nemu/build/riscv32-nemu-interpreter --log=/home/tanghongwei/ysyx-workbench/nemu/build/nemu-log.txt  
GNU gdb (Ubuntu 12.1-0ubuntu1~22.04.2) 12.1
Copyright (C) 2022 Free Software Foundation, Inc.
License GPLv3+: GNU GPL version 3 or later <http://gnu.org/licenses/gpl.html>
This is free software: you are free to change and redistribute it.
There is NO WARRANTY, to the extent permitted by law.
Type "show copying" and "show warranty" for details.
This GDB was configured as "x86_64-linux-gnu".
Type "show configuration" for configuration details.
For bug reporting instructions, please see:
<https://www.gnu.org/software/gdb/bugs/>.
Find the GDB manual and other documentation resources online at:
    <http://www.gnu.org/software/gdb/documentation/>.

For help, type "help".
Type "apropos word" to search for commands related to "word"...
Reading symbols from /home/tanghongwei/ysyx-workbench/nemu/build/riscv32-nemu-interpreter...
(gdb) Breakpoint 1 at 0x50d0: file src/utils/state.c, line 21.
(gdb) Starting program: /home/tanghongwei/ysyx-workbench/nemu/build/riscv32-nemu-interpreter --log=/home/tanghongwei/ysyx-workbench/nemu/build/nemu-log.txt
[Thread debugging using libthread_db enabled]
Using host libthread_db library "/lib/x86_64-linux-gnu/libthread_db.so.1".
[1;34m[src/utils/log.c:30 init_log] Log is written to /home/tanghongwei/ysyx-workbench/nemu/build/nemu-log.txt[0m
[1;34m[src/memory/paddr.c:60 init_mem] physical memory area [0x80000000, 0x87ffffff][0m
[1;34m[src/monitor/monitor.c:54 load_img] No image is given. Use the default build-in image.[0m
[1;34m[src/monitor/monitor.c:30 welcome] Trace: [1;32mON[0m[0m
[1;34m[src/monitor/monitor.c:31 welcome] If trace is enabled, a log file will be generated to record the trace. This may lead to a large log file. If it is not necessary, you can disable it in menuconfig[0m
[1;34m[src/monitor/monitor.c:34 welcome] Build time: 14:53:20, Apr  5 2025[0m
Welcome to [1;33m[1;41mriscv32[0m-NEMU!
For help, type "help"
[1;34m[src/monitor/monitor.c:37 welcome] Exercise: Please remove me in the source code and compile NEMU again.[0m
(nemu) w $pc
Â∑≤Ê∑ªÂä†ÁõëËßÜÁÇπ$pc	0x80000000
(nemu) w $pc==0x80000008
Â∑≤Ê∑ªÂä†ÁõëËßÜÁÇπ$pc==0x80000008	0x00000000
(nemu) info w
1	$pc==0x80000008		0x00000000
0	$pc		0x80000000
(nemu) d 0
p->NO=0	0
watchpoint 0 had been deleted
(nemu) d 0
watchpoint 0 was not found
(nemu) c
0x80000000:	l	0x80000000
0x80000004:	s	0x80000010
0x80000008:	l	0x80000010
0x8000000c:	l	0x8000000c
[1;34m[src/cpu/cpu-exec.c:147 cpu_exec] nemu: [1;32mHIT GOOD TRAP[0m at pc = 0x8000000c[0m
[1;34m[src/cpu/cpu-exec.c:115 statistic] host time spent = 109 us[0m
[1;34m[src/cpu/cpu-exec.c:116 statistic] total guest instructions = 4[0m
[1;34m[src/cpu/cpu-exec.c:117 statistic] simulation frequency = 36,697 inst/s[0m
(nemu) w

Program received signal SIGSEGV, Segmentation fault.
__strlen_evex () at ../sysdeps/x86_64/multiarch/strlen-evex.S:77
77	../sysdeps/x86_64/multiarch/strlen-evex.S: No such file or directory.
(gdb) A debugging session is active.

	Inferior 1 [process 45108] will be killed.

Quit anyway? (y or n) [answered Y; input not from terminal]

ÁõëËßÜÁÇπÊµãËØï2: fail
---- ÁõëËßÜÁÇπÊµãËØï2Êó•Âøó ----
114514
make[1]: Entering directory '/home/tanghongwei/ysyx-workbench'
make[1]: Leaving directory '/home/tanghongwei/ysyx-workbench'
make[1]: Entering directory '/home/tanghongwei/ysyx-workbench'
make[1]: Leaving directory '/home/tanghongwei/ysyx-workbench'
gdb -s /home/tanghongwei/ysyx-workbench/nemu/build/riscv32-nemu-interpreter --args /home/tanghongwei/ysyx-workbench/nemu/build/riscv32-nemu-interpreter --log=/home/tanghongwei/ysyx-workbench/nemu/build/nemu-log.txt  
GNU gdb (Ubuntu 12.1-0ubuntu1~22.04.2) 12.1
Copyright (C) 2022 Free Software Foundation, Inc.
License GPLv3+: GNU GPL version 3 or later <http://gnu.org/licenses/gpl.html>
This is free software: you are free to change and redistribute it.
There is NO WARRANTY, to the extent permitted by law.
Type "show copying" and "show warranty" for details.
This GDB was configured as "x86_64-linux-gnu".
Type "show configuration" for configuration details.
For bug reporting instructions, please see:
<https://www.gnu.org/software/gdb/bugs/>.
Find the GDB manual and other documentation resources online at:
    <http://www.gnu.org/software/gdb/documentation/>.

For help, type "help".
Type "apropos word" to search for commands related to "word"...
Reading symbols from /home/tanghongwei/ysyx-workbench/nemu/build/riscv32-nemu-interpreter...
(gdb) Breakpoint 1 at 0x50d0: file src/utils/state.c, line 21.
(gdb) Starting program: /home/tanghongwei/ysyx-workbench/nemu/build/riscv32-nemu-interpreter --log=/home/tanghongwei/ysyx-workbench/nemu/build/nemu-log.txt
[Thread debugging using libthread_db enabled]
Using host libthread_db library "/lib/x86_64-linux-gnu/libthread_db.so.1".
[1;34m[src/utils/log.c:30 init_log] Log is written to /home/tanghongwei/ysyx-workbench/nemu/build/nemu-log.txt[0m
[1;34m[src/memory/paddr.c:60 init_mem] physical memory area [0x80000000, 0x87ffffff][0m
[1;34m[src/monitor/monitor.c:54 load_img] No image is given. Use the default build-in image.[0m
[1;34m[src/monitor/monitor.c:30 welcome] Trace: [1;32mON[0m[0m
[1;34m[src/monitor/monitor.c:31 welcome] If trace is enabled, a log file will be generated to record the trace. This may lead to a large log file. If it is not necessary, you can disable it in menuconfig[0m
[1;34m[src/monitor/monitor.c:34 welcome] Build time: 14:53:20, Apr  5 2025[0m
Welcome to [1;33m[1;41mriscv32[0m-NEMU!
For help, type "help"
[1;34m[src/monitor/monitor.c:37 welcome] Exercise: Please remove me in the source code and compile NEMU again.[0m
(nemu) w $pc
Â∑≤Ê∑ªÂä†ÁõëËßÜÁÇπ$pc	0x80000000
(nemu) c
0x80000000:	l	0x80000000
watchpoint 0 not equavolent
(nemu) c
0x80000004:	s	0x80000010
watchpoint 0 not equavolent
(nemu) c
0x80000008:	l	0x80000010
watchpoint 0 not equavolent
(nemu) c
0x8000000c:	l	0x8000000c
watchpoint 0 not equavolent
(nemu) q

Breakpoint 1, is_exit_status_bad () at src/utils/state.c:21
21	int is_exit_status_bad() {
(gdb)  > >
ÊàêÂäüÈÄÄÂá∫
(gdb) 
quit
A debugging session is active.

	Inferior 1 [process 45217] will be killed.

Quit anyway? (y or n) [answered Y; input not from terminal]

ÁõëËßÜÁÇπÊµãËØï3: pass
---- ÁõëËßÜÁÇπÊµãËØï3Êó•Âøó ----
114514
+ CC src/nemu-main.c
+ CC src/cpu/cpu-exec.c
+ CC src/cpu/difftest/dut.c
+ CC src/cpu/difftest/ref.c
+ CC src/monitor/monitor.c
+ CC src/monitor/sdb/sdb.c
+ CC src/monitor/sdb/expr.c
+ CC src/monitor/sdb/watchpoint.c
+ CC src/utils/state.c
+ CC src/utils/timer.c
+ CC src/utils/log.c
+ CC src/utils/disasm.c
+ CC src/utils/iringbuf.c
+ CC src/utils/ftrace.c
+ CC src/memory/vaddr.c
+ CC src/memory/paddr.c
+ CC src/engine/interpreter/hostcall.c
+ CC src/engine/interpreter/init.c
+ CC src/device/io/port-io.c
+ CC src/device/io/map.c
+ CC src/device/io/mmio.c
+ CC src/isa/riscv32/logo.c
+ CC src/isa/riscv32/system/mmu.c
+ CC src/isa/riscv32/system/intr.c
+ CC src/isa/riscv32/difftest/dut.c
+ CC src/isa/riscv32/init.c
+ CC src/isa/riscv32/inst.c
+ CC src/isa/riscv32/reg.c
+ LD /home/tanghongwei/ysyx-workbench/nemu/build/riscv32-nemu-interpreter
make[1]: Entering directory '/home/tanghongwei/ysyx-workbench'
make[1]: Leaving directory '/home/tanghongwei/ysyx-workbench'
make[1]: Entering directory '/home/tanghongwei/ysyx-workbench'
make[1]: Leaving directory '/home/tanghongwei/ysyx-workbench'
gdb -s /home/tanghongwei/ysyx-workbench/nemu/build/riscv32-nemu-interpreter --args /home/tanghongwei/ysyx-workbench/nemu/build/riscv32-nemu-interpreter --log=/home/tanghongwei/ysyx-workbench/nemu/build/nemu-log.txt  
GNU gdb (Ubuntu 12.1-0ubuntu1~22.04.2) 12.1
Copyright (C) 2022 Free Software Foundation, Inc.
License GPLv3+: GNU GPL version 3 or later <http://gnu.org/licenses/gpl.html>
This is free software: you are free to change and redistribute it.
There is NO WARRANTY, to the extent permitted by law.
Type "show copying" and "show warranty" for details.
This GDB was configured as "x86_64-linux-gnu".
Type "show configuration" for configuration details.
For bug reporting instructions, please see:
<https://www.gnu.org/software/gdb/bugs/>.
Find the GDB manual and other documentation resources online at:
    <http://www.gnu.org/software/gdb/documentation/>.

For help, type "help".
Type "apropos word" to search for commands related to "word"...
Reading symbols from /home/tanghongwei/ysyx-workbench/nemu/build/riscv32-nemu-interpreter...
(gdb) Starting program: /home/tanghongwei/ysyx-workbench/nemu/build/riscv32-nemu-interpreter --log=/home/tanghongwei/ysyx-workbench/nemu/build/nemu-log.txt
[Thread debugging using libthread_db enabled]
Using host libthread_db library "/lib/x86_64-linux-gnu/libthread_db.so.1".
[1;34m[src/utils/log.c:30 init_log] Log is written to /home/tanghongwei/ysyx-workbench/nemu/build/nemu-log.txt[0m
[1;34m[src/memory/paddr.c:60 init_mem] physical memory area [0x80000000, 0x87ffffff][0m
[1;34m[src/monitor/monitor.c:54 load_img] No image is given. Use the default build-in image.[0m
[1;34m[src/monitor/monitor.c:30 welcome] Trace: [1;32mON[0m[0m
[1;34m[src/monitor/monitor.c:31 welcome] If trace is enabled, a log file will be generated to record the trace. This may lead to a large log file. If it is not necessary, you can disable it in menuconfig[0m
[1;34m[src/monitor/monitor.c:34 welcome] Build time: 15:30:11, Apr  5 2025[0m
Welcome to [1;33m[1;41mriscv32[0m-NEMU!
For help, type "help"
[1;34m[src/monitor/monitor.c:37 welcome] Exercise: Please remove me in the source code and compile NEMU again.[0m
(nemu) w $pc
Â∑≤Ê∑ªÂä†ÁõëËßÜÁÇπ$pc	0x80000000
(nemu) c
0x80000000:	l	0x80000000
0x80000004:	s	0x80000010
0x80000008:	l	0x80000010
0x8000000c:	l	0x8000000c
[1;34m[src/cpu/cpu-exec.c:147 cpu_exec] nemu: [1;32mHIT GOOD TRAP[0m at pc = 0x8000000c[0m
[1;34m[src/cpu/cpu-exec.c:115 statistic] host time spent = 55 us[0m
[1;34m[src/cpu/cpu-exec.c:116 statistic] total guest instructions = 4[0m
[1;34m[src/cpu/cpu-exec.c:117 statistic] simulation frequency = 72,727 inst/s[0m
(nemu) q
[Inferior 1 (process 45594) exited normally]
(gdb) (gdb) make[1]: Entering directory '/home/tanghongwei/ysyx-workbench/nemu'
rm -rf /home/tanghongwei/ysyx-workbench/nemu/build
make[1]: Leaving directory '/home/tanghongwei/ysyx-workbench/nemu'
(gdb) 
quit
